
> inessence@0.1.0 build
> next build

node.exe : ÔÜá Warning: 
Next.js inferred your 
workspace root, but it 
may not be correct.
Au caractère Ligne:1 : 1
+ & "C:\Program 
Files\nodejs/node.exe" 
"C:\Program 
Files\nodejs/node_mo ...
+ ~~~~~~~~~~~~~~~~~~~~~~
~~~~~~~~~~~~~~~~~~~~~~~~
~~~~~~~~~~~~~~~~~~~~~~~
    + CategoryInfo      
        : NotSpecified: 
(Ô    Üá Warning: 
Ne...not     be 
correct.:String) [    
], RemoteException
    + 
FullyQualifiedError    
Id : NativeCommandErr   
 or
 
 We detected multiple 
lockfiles and selected 
the directory of C:\User
s\ghari\.gemini\antigrav
ity\package-lock.json 
as the root directory.
 To silence this 
warning, set 
`turbopack.root` in 
your Next.js config, or 
consider removing one 
of the lockfiles if 
it's not needed.
   See https://nextjs.or
g/docs/app/api-reference
/config/next-config-js/t
urbopack#root-directory 
for more information.
 Detected additional 
lockfiles: 
   * C:\Users\ghari\.gem
ini\antigravity\scratch\
inessence\package-lock.j
son

Ôû▓ Next.js 16.1.6 (Turbopack)

  Creating an optimized production build ...

> Build error occurred
Error: Turbopack build 
failed with 1 errors:
./scratch/inessence/src/
app/globals.css
Error evaluating 
Node.js code
Error: Cannot find 
module 
'@tailwindcss/postcss'
Require stack:
- C:\Users\ghari\.gemini
\antigravity\scratch\ine
ssence\.next\build\chunk
s\[root-of-the-server]__
51225daf._.js
- C:\Users\ghari\.gemini
\antigravity\scratch\ine
ssence\.next\build\chunk
s\[turbopack]_runtime.js
- C:\Users\ghari\.gemini
\antigravity\scratch\ine
ssence\.next\build\postc
ss.js
    [at 
Module._resolveFilename 
(node:internal/modules/c
js/loader:1421:15)]
    [at 
defaultResolveImpl (node
:internal/modules/cjs/lo
ader:1059:19)]
    [at 
resolveForCJSWithHooks (
node:internal/modules/cj
s/loader:1064:22)]
    [at Module._load (no
de:internal/modules/cjs/
loader:1227:37)]
    [at TracingChannel.t
raceSync (node:diagnosti
cs_channel:328:14)]
    [at wrapModuleLoad (
node:internal/modules/cj
s/loader:245:24)]
    [at Module.require (
node:internal/modules/cj
s/loader:1504:12)]
    [at require (node:in
ternal/modules/helpers:1
52:16)]
    at turbopack:///[tur
bopack-node]/transforms/
postcss.ts:49:25 [C:\Use
rs\ghari\.gemini\antigra
vity\scratch\inessence\.
next\build\chunks\[root-
of-the-server]__51225daf
._.js:134:33]
    [at <anonymous>]

Import trace:
  Client Component 
Browser:
    ./scratch/inessence/
src/app/globals.css 
[Client Component 
Browser]
    ./scratch/inessence/
src/app/layout.tsx 
[Server Component]


    at ignore-listed 
frames
